▿ VenueCardModel
  ▿ description: Optional<String>
    - some: "It\'s a picture place!"
  - id: "557f12cf498e2f025de8c7d0"
  - imageURL: ""
  ▿ kind: Optional<String>
    - some: "Cinema"
  - locationInfo: "79m | Greater London"
  - name: "Picturehouse Central"
  ▿ rating: Optional<Double>
    - some: 9.4
